-----------------
loading CUDA 12.4
-----------------

/work/asdf1234/miniconda3/envs/cobra/lib/python3.10/site-packages/transformers/utils/generic.py:311: FutureWarning: `torch.utils._pytree._register_pytree_node` is deprecated. Please use `torch.utils._pytree.register_pytree_node` instead.
  torch.utils._pytree._register_pytree_node(
/work/asdf1234/miniconda3/envs/cobra/lib/python3.10/site-packages/transformers/utils/generic.py:311: FutureWarning: `torch.utils._pytree._register_pytree_node` is deprecated. Please use `torch.utils._pytree.register_pytree_node` instead.
  torch.utils._pytree._register_pytree_node(
/work/asdf1234/miniconda3/envs/cobra/lib/python3.10/site-packages/pydantic/_internal/_generate_schema.py:2249: UnsupportedFieldAttributeWarning: The 'repr' attribute with value False was provided to the `Field()` function, which has no effect in the context it was used. 'repr' is field-specific metadata, and can only be attached to a model field using `Annotated` metadata or by assignment. This may have happened because an `Annotated` type alias using the `type` statement was used, or if the `Field()` function was attached to a single member of a union type.
  warnings.warn(
/work/asdf1234/miniconda3/envs/cobra/lib/python3.10/site-packages/pydantic/_internal/_generate_schema.py:2249: UnsupportedFieldAttributeWarning: The 'frozen' attribute with value True was provided to the `Field()` function, which has no effect in the context it was used. 'frozen' is field-specific metadata, and can only be attached to a model field using `Annotated` metadata or by assignment. This may have happened because an `Annotated` type alias using the `type` statement was used, or if the `Field()` function was attached to a single member of a union type.
  warnings.warn(
/work/asdf1234/Cobra_clip/cobra/switches/quant_pct.py:432: RuntimeWarning: [QuantPct] Proceeding despite missing percentile observers: vision_backbone.dino, vision_backbone.siglip, projector.out
  warnings.warn(
Traceback (most recent call last):
  File "/work/asdf1234/miniconda3/envs/cobra/lib/python3.10/runpy.py", line 196, in _run_module_as_main
    return _run_code(code, main_globals, None,
  File "/work/asdf1234/miniconda3/envs/cobra/lib/python3.10/runpy.py", line 86, in _run_code
    exec(code, run_globals)
  File "/work/asdf1234/Cobra_clip/cobra/calibrate/enable_pct_lowbit.py", line 2496, in <module>
    main()
  File "/work/asdf1234/Cobra_clip/cobra/calibrate/enable_pct_lowbit.py", line 2332, in main
    _enable_apply(args.strict_missing_stats)
  File "/work/asdf1234/Cobra_clip/cobra/calibrate/enable_pct_lowbit.py", line 2321, in _enable_apply
    quant_pct.enable(
  File "/work/asdf1234/Cobra_clip/cobra/switches/quant_pct.py", line 442, in enable
    raise KeyError(
KeyError: 'No percentile observers matched the requested hook targets after normalization (source=outputs/percentile_stats.pt).'
